bun : $ tsc --noEmit
At line:1 char:1
+ bun run type-check > type_errors.txt 2>&1
+ ~~~~~~~~~~~~~~~~~~~~~~~~~~~~~~~~~~~~~~~~~
    + CategoryInfo          : NotSpecified: ($ tsc --noEmit:String) [], RemoteException
    + FullyQualifiedErrorId : NativeCommandError
 
config/db.ts(39,16): error TS2367: This comparison appears to be unintentional because the types 'ConnectionStates.disconnected | ConnectionStates.disconnecting | ConnectionStates.uninitialized' and '1' have no overlap.
controllers/delivery/auth.controller.ts(73,11): error TS2769: No overload matches this call.
  Overload 1 of 5, '(payload: string | object | Buffer<ArrayBufferLike>, secretOrPrivateKey: null, options?: (SignOptions & { algorithm: "none"; }) | undefined): string', gave the following error.
    Argument of type 'string | undefined' is not assignable to parameter of type 'null'.
      Type 'undefined' is not assignable to type 'null'.
  Overload 2 of 5, '(payload: string | object | Buffer<ArrayBufferLike>, secretOrPrivateKey: Buffer<ArrayBufferLike> | Secret | PrivateKeyInput | JsonWebKeyInput, options?: SignOptions | undefined): string', gave the following error.
    Argument of type 'string | undefined' is not assignable to parameter of type 'Buffer<ArrayBufferLike> | Secret | PrivateKeyInput | JsonWebKeyInput'.
      Type 'undefined' is not assignable to type 'Buffer<ArrayBufferLike> | Secret | PrivateKeyInput | JsonWebKeyInput'.
  Overload 3 of 5, '(payload: string | object | Buffer<ArrayBufferLike>, secretOrPrivateKey: Buffer<ArrayBufferLike> | Secret | PrivateKeyInput | JsonWebKeyInput, callback: SignCallback): void', gave the following error.
    Argument of type 'string | undefined' is not assignable to parameter of type 'Buffer<ArrayBufferLike> | Secret | PrivateKeyInput | JsonWebKeyInput'.
      Type 'undefined' is not assignable to type 'Buffer<ArrayBufferLike> | Secret | PrivateKeyInput | JsonWebKeyInput'.
controllers/delivery/auth.controller.ts(123,9): error TS2769: No overload matches this call.
  Overload 1 of 5, '(payload: string | object | Buffer<ArrayBufferLike>, secretOrPrivateKey: null, options?: (SignOptions & { algorithm: "none"; }) | undefined): string', gave the following error.
    Argument of type 'string | undefined' is not assignable to parameter of type 'null'.
      Type 'undefined' is not assignable to type 'null'.
  Overload 2 of 5, '(payload: string | object | Buffer<ArrayBufferLike>, secretOrPrivateKey: Buffer<ArrayBufferLike> | Secret | PrivateKeyInput | JsonWebKeyInput, options?: SignOptions | undefined): string', gave the following error.
    Argument of type 'string | undefined' is not assignable to parameter of type 'Buffer<ArrayBufferLike> | Secret | PrivateKeyInput | JsonWebKeyInput'.
      Type 'undefined' is not assignable to type 'Buffer<ArrayBufferLike> | Secret | PrivateKeyInput | JsonWebKeyInput'.
  Overload 3 of 5, '(payload: string | object | Buffer<ArrayBufferLike>, secretOrPrivateKey: Buffer<ArrayBufferLike> | Secret | PrivateKeyInput | JsonWebKeyInput, callback: SignCallback): void', gave the following error.
    Argument of type 'string | undefined' is not assignable to parameter of type 'Buffer<ArrayBufferLike> | Secret | PrivateKeyInput | JsonWebKeyInput'.
      Type 'undefined' is not assignable to type 'Buffer<ArrayBufferLike> | Secret | PrivateKeyInput | JsonWebKeyInput'.
controllers/delivery/order.controller.ts(8,41): error TS2554: Expected 1 arguments, but got 0.
controllers/delivery/partner.controller.ts(31,62): error TS18047: 'profile' is possibly 'null'.
controllers/restaurant/analytics.controller.ts(6,29): error TS7006: Parameter 'req' implicitly has an 'any' type.
controllers/restaurant/analytics.controller.ts(6,34): error TS7006: Parameter 'res' implicitly has an 'any' type.
controllers/restaurant/analytics.controller.ts(36,32): error TS7006: Parameter 'req' implicitly has an 'any' type.
controllers/restaurant/analytics.controller.ts(36,37): error TS7006: Parameter 'res' implicitly has an 'any' type.
controllers/restaurant/analytics.controller.ts(66,32): error TS7006: Parameter 'req' implicitly has an 'any' type.
controllers/restaurant/analytics.controller.ts(66,37): error TS7006: Parameter 'res' implicitly has an 'any' type.
controllers/restaurant/auth.controller.ts(77,11): error TS2769: No overload matches this call.
  Overload 1 of 5, '(payload: string | object | Buffer<ArrayBufferLike>, secretOrPrivateKey: null, options?: (SignOptions & { algorithm: "none"; }) | undefined): string', gave the following error.
    Argument of type 'string | undefined' is not assignable to parameter of type 'null'.
      Type 'undefined' is not assignable to type 'null'.
  Overload 2 of 5, '(payload: string | object | Buffer<ArrayBufferLike>, secretOrPrivateKey: Buffer<ArrayBufferLike> | Secret | PrivateKeyInput | JsonWebKeyInput, options?: SignOptions | undefined): string', gave the following error.
    Argument of type 'string | undefined' is not assignable to parameter of type 'Buffer<ArrayBufferLike> | Secret | PrivateKeyInput | JsonWebKeyInput'.
      Type 'undefined' is not assignable to type 'Buffer<ArrayBufferLike> | Secret | PrivateKeyInput | JsonWebKeyInput'.
  Overload 3 of 5, '(payload: string | object | Buffer<ArrayBufferLike>, secretOrPrivateKey: Buffer<ArrayBufferLike> | Secret | PrivateKeyInput | JsonWebKeyInput, callback: SignCallback): void', gave the following error.
    Argument of type 'string | undefined' is not assignable to parameter of type 'Buffer<ArrayBufferLike> | Secret | PrivateKeyInput | JsonWebKeyInput'.
      Type 'undefined' is not assignable to type 'Buffer<ArrayBufferLike> | Secret | PrivateKeyInput | JsonWebKeyInput'.
controllers/restaurant/auth.controller.ts(127,9): error TS2769: No overload matches this call.
  Overload 1 of 5, '(payload: string | object | Buffer<ArrayBufferLike>, secretOrPrivateKey: null, options?: (SignOptions & { algorithm: "none"; }) | undefined): string', gave the following error.
    Argument of type 'string | undefined' is not assignable to parameter of type 'null'.
      Type 'undefined' is not assignable to type 'null'.
  Overload 2 of 5, '(payload: string | object | Buffer<ArrayBufferLike>, secretOrPrivateKey: Buffer<ArrayBufferLike> | Secret | PrivateKeyInput | JsonWebKeyInput, options?: SignOptions | undefined): string', gave the following error.
    Argument of type 'string | undefined' is not assignable to parameter of type 'Buffer<ArrayBufferLike> | Secret | PrivateKeyInput | JsonWebKeyInput'.
      Type 'undefined' is not assignable to type 'Buffer<ArrayBufferLike> | Secret | PrivateKeyInput | JsonWebKeyInput'.
  Overload 3 of 5, '(payload: string | object | Buffer<ArrayBufferLike>, secretOrPrivateKey: Buffer<ArrayBufferLike> | Secret | PrivateKeyInput | JsonWebKeyInput, callback: SignCallback): void', gave the following error.
    Argument of type 'string | undefined' is not assignable to parameter of type 'Buffer<ArrayBufferLike> | Secret | PrivateKeyInput | JsonWebKeyInput'.
      Type 'undefined' is not assignable to type 'Buffer<ArrayBufferLike> | Secret | PrivateKeyInput | JsonWebKeyInput'.
controllers/restaurant/auth.controller.ts(165,41): error TS2769: No overload matches this call.
  The last overload gave the following error.
    Argument of type 'string | undefined' is not assignable to parameter of type 'Buffer<ArrayBufferLike> | Secret | JsonWebKeyInput | PublicKeyInput | GetPublicKeyOrSecret'.
      Type 'undefined' is not assignable to type 'Buffer<ArrayBufferLike> | Secret | JsonWebKeyInput | PublicKeyInput | GetPublicKeyOrSecret'.
controllers/restaurant/booking.controller.ts(45,9): error TS7053: Element implicitly has an 'any' type because expression of type 'any' can't be used to index type '{}'.
controllers/restaurant/booking.controller.ts(121,45): error TS2554: Expected 2-5 arguments, but got 1.
controllers/restaurant/booking.controller.ts(154,24): error TS2339: Property 'length' does not exist on type '(Document<unknown, {}, { status: "Available" | "Reserved" | "Dine-In" | "Unavailable"; tableId: string; capacity: number; isAdvanceBooking: boolean; bookingFee: number; section: string; floor: string; type?: string | ... 1 more ... | undefined; name?: string | ... 1 more ... | undefined; restaurantId?: string | ... ...'.
  Property 'length' does not exist on type 'Document<unknown, {}, { status: "Available" | "Reserved" | "Dine-In" | "Unavailable"; tableId: string; capacity: number; isAdvanceBooking: boolean; bookingFee: number; section: string; floor: string; type?: string | ... 1 more ... | undefined; name?: string | ... 1 more ... | undefined; restaurantId?: string | ... 1...'.
controllers/restaurant/booking.controller.ts(155,37): error TS2339: Property 'length' does not exist on type '(Document<unknown, {}, { status: "Available" | "Reserved" | "Dine-In" | "Unavailable"; tableId: string; capacity: number; isAdvanceBooking: boolean; bookingFee: number; section: string; floor: string; type?: string | ... 1 more ... | undefined; name?: string | ... 1 more ... | undefined; restaurantId?: string | ... ...'.
  Property 'length' does not exist on type 'Document<unknown, {}, { status: "Available" | "Reserved" | "Dine-In" | "Unavailable"; tableId: string; capacity: number; isAdvanceBooking: boolean; bookingFee: number; section: string; floor: string; type?: string | ... 1 more ... | undefined; name?: string | ... 1 more ... | undefined; restaurantId?: string | ... 1...'.
controllers/restaurant/feedback.controller.ts(6,26): error TS7006: Parameter 'req' implicitly has an 'any' type.
controllers/restaurant/feedback.controller.ts(6,31): error TS7006: Parameter 'res' implicitly has an 'any' type.
controllers/restaurant/feedback.controller.ts(36,30): error TS7006: Parameter 'req' implicitly has an 'any' type.
controllers/restaurant/feedback.controller.ts(36,35): error TS7006: Parameter 'res' implicitly has an 'any' type.
controllers/restaurant/feedback.controller.ts(72,23): error TS7006: Parameter 'req' implicitly has an 'any' type.
controllers/restaurant/feedback.controller.ts(72,28): error TS7006: Parameter 'res' implicitly has an 'any' type.
controllers/restaurant/feedback.controller.ts(110,27): error TS7006: Parameter 'req' implicitly has an 'any' type.
controllers/restaurant/feedback.controller.ts(110,32): error TS7006: Parameter 'res' implicitly has an 'any' type.
controllers/restaurant/feedback.controller.ts(154,32): error TS7006: Parameter 'req' implicitly has an 'any' type.
controllers/restaurant/feedback.controller.ts(154,37): error TS7006: Parameter 'res' implicitly has an 'any' type.
controllers/restaurant/fileNote.controller.ts(1,10): error TS2305: Module '"../../config/db.ts"' has no exported member 'supabase'.
controllers/restaurant/fileNote.controller.ts(5,28): error TS7006: Parameter 'req' implicitly has an 'any' type.
controllers/restaurant/fileNote.controller.ts(5,33): error TS7006: Parameter 'res' implicitly has an 'any' type.
controllers/restaurant/fileNote.controller.ts(55,29): error TS7006: Parameter 'req' implicitly has an 'any' type.
controllers/restaurant/fileNote.controller.ts(55,34): error TS7006: Parameter 'res' implicitly has an 'any' type.
controllers/restaurant/fileNote.controller.ts(78,29): error TS7006: Parameter 'req' implicitly has an 'any' type.
controllers/restaurant/fileNote.controller.ts(78,34): error TS7006: Parameter 'res' implicitly has an 'any' type.
controllers/restaurant/fileNote.controller.ts(110,28): error TS7006: Parameter 'req' implicitly has an 'any' type.
controllers/restaurant/fileNote.controller.ts(110,33): error TS7006: Parameter 'res' implicitly has an 'any' type.
controllers/restaurant/fileNote.controller.ts(146,28): error TS7006: Parameter 'req' implicitly has an 'any' type.
controllers/restaurant/fileNote.controller.ts(146,33): error TS7006: Parameter 'res' implicitly has an 'any' type.
controllers/restaurant/mainBranch.controller.ts(113,40): error TS7053: Element implicitly has an 'any' type because expression of type '"profile.restaurantInfo"' can't be used to index type '{}'.
  Property 'profile.restaurantInfo' does not exist on type '{}'.
controllers/restaurant/mainBranch.controller.ts(114,35): error TS7053: Element implicitly has an 'any' type because expression of type '"profile.ownerInfo"' can't be used to index type '{}'.
  Property 'profile.ownerInfo' does not exist on type '{}'.
controllers/restaurant/mainBranch.controller.ts(115,40): error TS7053: Element implicitly has an 'any' type because expression of type '"profile.operatingHours"' can't be used to index type '{}'.
  Property 'profile.operatingHours' does not exist on type '{}'.
controllers/restaurant/mainBranch.controller.ts(116,35): error TS7053: Element implicitly has an 'any' type because expression of type '"profile.documents"' can't be used to index type '{}'.
  Property 'profile.documents' does not exist on type '{}'.
controllers/restaurant/mainBranch.controller.ts(117,37): error TS7053: Element implicitly has an 'any' type because expression of type '"profile.bankAccount"' can't be used to index type '{}'.
  Property 'profile.bankAccount' does not exist on type '{}'.
controllers/restaurant/mainBranch.controller.ts(118,36): error TS7053: Element implicitly has an 'any' type because expression of type '"profile.facilities"' can't be used to index type '{}'.
  Property 'profile.facilities' does not exist on type '{}'.
controllers/restaurant/mainBranch.controller.ts(119,34): error TS7053: Element implicitly has an 'any' type because expression of type '"profile.services"' can't be used to index type '{}'.
  Property 'profile.services' does not exist on type '{}'.
controllers/restaurant/mainBranch.controller.ts(159,46): error TS2554: Expected 2 arguments, but got 1.
controllers/restaurant/menu.controller.ts(40,10): error TS2345: Argument of type 'Error' is not assignable to parameter of type 'null'.
controllers/restaurant/menu.controller.ts(84,12): error TS18046: 'data' is of type 'unknown'.
controllers/restaurant/menu.controller.ts(85,25): error TS18046: 'data' is of type 'unknown'.
controllers/restaurant/menu.controller.ts(159,12): error TS18046: 'data' is of type 'unknown'.
controllers/restaurant/menu.controller.ts(160,25): error TS18046: 'data' is of type 'unknown'.
controllers/restaurant/menu.controller.ts(166,18): error TS18046: 'data' is of type 'unknown'.
controllers/restaurant/menu.controller.ts(167,19): error TS18046: 'data' is of type 'unknown'.
controllers/restaurant/menu.controller.ts(263,18): error TS2552: Cannot find name 'error'. Did you mean 'Error'?
controllers/restaurant/menu.controller.ts(302,46): error TS2339: Property 'restaurantId' does not exist on type '{}'.
controllers/restaurant/menu.controller.ts(303,40): error TS2339: Property 'itemId' does not exist on type '{}'.
controllers/restaurant/menu.controller.ts(304,38): error TS2339: Property 'name' does not exist on type '{}'.
controllers/restaurant/menu.controller.ts(305,45): error TS2339: Property 'description' does not exist on type '{}'.
controllers/restaurant/menu.controller.ts(306,38): error TS2339: Property 'type' does not exist on type '{}'.
controllers/restaurant/menu.controller.ts(307,43): error TS2339: Property 'available' does not exist on type '{}'.
controllers/restaurant/menu.controller.ts(308,42): error TS2339: Property 'category' does not exist on type '{}'.
controllers/restaurant/menu.controller.ts(309,40): error TS2339: Property 'images' does not exist on type '{}'.
controllers/restaurant/menu.controller.ts(310,46): error TS2339: Property 'pricing_unit' does not exist on type '{}'.
controllers/restaurant/menu.controller.ts(311,49): error TS2339: Property 'pricing_options' does not exist on type '{}'.
controllers/restaurant/menu.controller.ts(355,25): error TS2339: Property 'deleteData' does not exist on type '{ getData: (filter: any, select: any, sort?: {}, skip?: {}, limit?: {}) => Promise<any[]>; getSingleDocument: (filter: any, select: any) => Promise<({ description: string; images: string[]; ... 10 more ...; updatedAt: NativeDate; } & { ...; } & { ...; } & Required<...>) | null>; getAggregationData: (aggPipeline: any...'.
controllers/restaurant/menu.controller.ts(390,40): error TS2339: Property 'toggleMenuItemAvailability' does not exist on type '{ getData: (filter: any, select: any, sort?: {}, skip?: {}, limit?: {}) => Promise<any[]>; getSingleDocument: (filter: any, select: any) => Promise<({ description: string; images: string[]; ... 10 more ...; updatedAt: NativeDate; } & { ...; } & { ...; } & Required<...>) | null>; getAggregationData: (aggPipeline: any...'.
controllers/restaurant/menu.controller.ts(434,40): error TS2339: Property 'addCategory' does not exist on type '{ getData: (filter: any, select: any, sort?: {}, skip?: {}, limit?: {}) => Promise<any[]>; getSingleDocument: (filter: any, select: any) => Promise<({ description: string; images: string[]; ... 10 more ...; updatedAt: NativeDate; } & { ...; } & { ...; } & Required<...>) | null>; getAggregationData: (aggPipeline: any...'.
controllers/restaurant/menu.controller.ts(485,16): error TS2339: Property '$text' does not exist on type '{ restaurantId: { $eq: any; }; }'.
controllers/restaurant/menu.controller.ts(490,16): error TS2339: Property 'category' does not exist on type '{ restaurantId: { $eq: any; }; }'.
controllers/restaurant/offer.controller.ts(191,54): error TS2554: Expected 2-5 arguments, but got 1.
controllers/restaurant/offer.controller.ts(201,43): error TS2339: Property 'offerType' does not exist on type 'any[]'.
controllers/restaurant/offer.controller.ts(257,37): error TS2345: Argument of type 'Date' is not assignable to parameter of type 'number'.
controllers/restaurant/offer.controller.ts(280,33): error TS7053: Element implicitly has an 'any' type because expression of type 'any' can't be used to index type '{ "Percentage Discount": string[]; "Flat Discount": string[]; "Free Item": string[]; "Buy-One-Get-One (BOGO)": string[]; "Happy Hour": string[]; }'.
controllers/restaurant/offer.controller.ts(286,47): error TS7053: Element implicitly has an 'any' type because expression of type 'string' can't be used to index type '{}'.
  No index signature with a parameter of type 'string' was found on type '{}'.
controllers/restaurant/offer.controller.ts(291,79): error TS2339: Property 'validUntil' does not exist on type 'any[]'.
controllers/restaurant/offer.controller.ts(422,47): error TS2339: Property 'addCategory' does not exist on type '{ getData: (filter: any, select: any, sort?: {}, skip?: {}, limit?: {}) => Promise<any[]>; getSingleDocument: (filter: any, select: any) => Promise<({ isActive: boolean; restaurantId: string; ... 12 more ...; happyHourTiming?: { ...; } | ... 1 more ... | undefined; } & { ...; } & { ...; } & Required<...>) | null>; ....'.
controllers/restaurant/order.controller.ts(6,24): error TS7006: Parameter 'req' implicitly has an 'any' type.
controllers/restaurant/order.controller.ts(6,29): error TS7006: Parameter 'res' implicitly has an 'any' type.
controllers/restaurant/order.controller.ts(36,27): error TS7006: Parameter 'req' implicitly has an 'any' type.
controllers/restaurant/order.controller.ts(36,32): error TS7006: Parameter 'res' implicitly has an 'any' type.
controllers/restaurant/order.controller.ts(72,29): error TS7006: Parameter 'req' implicitly has an 'any' type.
controllers/restaurant/order.controller.ts(72,34): error TS7006: Parameter 'res' implicitly has an 'any' type.
controllers/restaurant/order.controller.ts(116,31): error TS7006: Parameter 'req' implicitly has an 'any' type.
controllers/restaurant/order.controller.ts(116,36): error TS7006: Parameter 'res' implicitly has an 'any' type.
controllers/restaurant/order.controller.ts(160,26): error TS7006: Parameter 'req' implicitly has an 'any' type.
controllers/restaurant/order.controller.ts(160,31): error TS7006: Parameter 'res' implicitly has an 'any' type.
controllers/restaurant/order.controller.ts(204,30): error TS7006: Parameter 'req' implicitly has an 'any' type.
controllers/restaurant/order.controller.ts(204,35): error TS7006: Parameter 'res' implicitly has an 'any' type.
controllers/restaurant/order.controller.ts(249,27): error TS7006: Parameter 'req' implicitly has an 'any' type.
controllers/restaurant/order.controller.ts(249,32): error TS7006: Parameter 'res' implicitly has an 'any' type.
controllers/restaurant/promotion.controller.ts(128,17): error TS2345: Argument of type 'Date' is not assignable to parameter of type 'number'.
controllers/restaurant/promotion.controller.ts(128,33): error TS2345: Argument of type 'Date' is not assignable to parameter of type 'number'.
controllers/restaurant/promotion.controller.ts(209,56): error TS2554: Expected 2 arguments, but got 1.
controllers/restaurant/promotion.controller.ts(224,19): error TS2345: Argument of type 'Date' is not assignable to parameter of type 'number'.
controllers/restaurant/promotion.controller.ts(224,35): error TS2345: Argument of type 'Date' is not assignable to parameter of type 'number'.
controllers/restaurant/promotion.controller.ts(308,45): error TS2339: Property 'deleteData' does not exist on type '{ getData: (filter: any, select: any, sort?: {}, skip?: {}, limit?: {}) => Promise<any[]>; getSingleDocument: (filter: any, select: any) => Promise<({ service: "DELIVERY" | "PICKUP" | "TAKEAWAY" | "OFFLINE-TAKEAWAY" | "DINE-IN" | "BOOKING"; ... 14 more ...; placementOptions?: { ...; } | ... 1 more ... | undefined; }...'.
controllers/restaurant/promotion.controller.ts(405,45): error TS2339: Property 'addCategory' does not exist on type '{ getData: (filter: any, select: any, sort?: {}, skip?: {}, limit?: {}) => Promise<any[]>; getSingleDocument: (filter: any, select: any) => Promise<({ service: "DELIVERY" | "PICKUP" | "TAKEAWAY" | "OFFLINE-TAKEAWAY" | "DINE-IN" | "BOOKING"; ... 14 more ...; placementOptions?: { ...; } | ... 1 more ... | undefined; }...'.
controllers/restaurant/refund.controller.ts(6,25): error TS7006: Parameter 'req' implicitly has an 'any' type.
controllers/restaurant/refund.controller.ts(6,30): error TS7006: Parameter 'res' implicitly has an 'any' type.
controllers/restaurant/refund.controller.ts(36,28): error TS7006: Parameter 'req' implicitly has an 'any' type.
controllers/restaurant/refund.controller.ts(36,33): error TS7006: Parameter 'res' implicitly has an 'any' type.
controllers/restaurant/refund.controller.ts(72,31): error TS7006: Parameter 'req' implicitly has an 'any' type.
controllers/restaurant/refund.controller.ts(72,36): error TS7006: Parameter 'res' implicitly has an 'any' type.
controllers/restaurant/refund.controller.ts(117,30): error TS7006: Parameter 'req' implicitly has an 'any' type.
controllers/restaurant/refund.controller.ts(117,35): error TS7006: Parameter 'res' implicitly has an 'any' type.
controllers/restaurant/refund.controller.ts(161,27): error TS7006: Parameter 'req' implicitly has an 'any' type.
controllers/restaurant/refund.controller.ts(161,32): error TS7006: Parameter 'res' implicitly has an 'any' type.
controllers/restaurant/setting.controller.ts(6,23): error TS7006: Parameter 'req' implicitly has an 'any' type.
controllers/restaurant/setting.controller.ts(6,28): error TS7006: Parameter 'res' implicitly has an 'any' type.
controllers/restaurant/setting.controller.ts(25,21): error TS18046: 'error' is of type 'unknown'.
controllers/restaurant/setting.controller.ts(30,16): error TS18046: 'error' is of type 'unknown'.
controllers/restaurant/setting.controller.ts(35,26): error TS7006: Parameter 'req' implicitly has an 'any' type.
controllers/restaurant/setting.controller.ts(35,31): error TS7006: Parameter 'res' implicitly has an 'any' type.
controllers/restaurant/setting.controller.ts(55,21): error TS18046: 'error' is of type 'unknown'.
controllers/restaurant/setting.controller.ts(60,16): error TS18046: 'error' is of type 'unknown'.
controllers/restaurant/setting.controller.ts(65,30): error TS7006: Parameter 'req' implicitly has an 'any' type.
controllers/restaurant/setting.controller.ts(65,35): error TS7006: Parameter 'res' implicitly has an 'any' type.
controllers/restaurant/setting.controller.ts(84,21): error TS18046: 'error' is of type 'unknown'.
controllers/restaurant/setting.controller.ts(86,11): error TS18046: 'error' is of type 'unknown'.
controllers/restaurant/setting.controller.ts(96,16): error TS18046: 'error' is of type 'unknown'.
controllers/restaurant/setting.controller.ts(101,28): error TS7006: Parameter 'req' implicitly has an 'any' type.
controllers/restaurant/setting.controller.ts(101,33): error TS7006: Parameter 'res' implicitly has an 'any' type.
controllers/restaurant/setting.controller.ts(120,21): error TS18046: 'error' is of type 'unknown'.
controllers/restaurant/setting.controller.ts(122,11): error TS18046: 'error' is of type 'unknown'.
controllers/restaurant/setting.controller.ts(132,16): error TS18046: 'error' is of type 'unknown'.
controllers/restaurant/setting.controller.ts(137,33): error TS7006: Parameter 'req' implicitly has an 'any' type.
controllers/restaurant/setting.controller.ts(137,38): error TS7006: Parameter 'res' implicitly has an 'any' type.
controllers/restaurant/setting.controller.ts(157,21): error TS18046: 'error' is of type 'unknown'.
controllers/restaurant/setting.controller.ts(159,11): error TS18046: 'error' is of type 'unknown'.
controllers/restaurant/setting.controller.ts(166,11): error TS18046: 'error' is of type 'unknown'.
controllers/restaurant/setting.controller.ts(176,16): error TS18046: 'error' is of type 'unknown'.
controllers/restaurant/setting.controller.ts(181,28): error TS7006: Parameter 'req' implicitly has an 'any' type.
controllers/restaurant/setting.controller.ts(181,33): error TS7006: Parameter 'res' implicitly has an 'any' type.
controllers/restaurant/setting.controller.ts(201,21): error TS18046: 'error' is of type 'unknown'.
controllers/restaurant/setting.controller.ts(203,11): error TS18046: 'error' is of type 'unknown'.
controllers/restaurant/setting.controller.ts(213,16): error TS18046: 'error' is of type 'unknown'.
controllers/restaurant/setting.controller.ts(218,27): error TS7006: Parameter 'req' implicitly has an 'any' type.
controllers/restaurant/setting.controller.ts(218,32): error TS7006: Parameter 'res' implicitly has an 'any' type.
controllers/restaurant/setting.controller.ts(238,21): error TS18046: 'error' is of type 'unknown'.
controllers/restaurant/setting.controller.ts(240,11): error TS18046: 'error' is of type 'unknown'.
controllers/restaurant/setting.controller.ts(250,16): error TS18046: 'error' is of type 'unknown'.
controllers/restaurant/setting.controller.ts(255,38): error TS7006: Parameter 'req' implicitly has an 'any' type.
controllers/restaurant/setting.controller.ts(255,43): error TS7006: Parameter 'res' implicitly has an 'any' type.
controllers/restaurant/setting.controller.ts(275,21): error TS18046: 'error' is of type 'unknown'.
controllers/restaurant/setting.controller.ts(277,11): error TS18046: 'error' is of type 'unknown'.
controllers/restaurant/setting.controller.ts(287,16): error TS18046: 'error' is of type 'unknown'.
index.ts(55,14): error TS2769: No overload matches this call.
  Overload 1 of 6, '(plugin: FastifyPluginCallback<Response<any, Record<string, any>, number>, RawServerDefault, FastifyTypeProvider, FastifyBaseLogger>, opts: FastifyRegisterOptions<...>): FastifyInstance<...> & ... 1 more ... & { ...; }', gave the following error.
    Argument of type 'Router' is not assignable to parameter of type 'FastifyPluginCallback<Response<any, Record<string, any>, number>, RawServerDefault, FastifyTypeProvider, FastifyBaseLogger>'.
      Types of parameters 'req' and 'instance' are incompatible.
        Type 'FastifyInstance<RawServerDefault, IncomingMessage, ServerResponse<IncomingMessage>, FastifyBaseLogger, FastifyTypeProvider>' is missing the following properties from type 'Request<ParamsDictionary, any, any, ParsedQs, Record<string, any>>': header, accepts, acceptsCharsets, acceptsEncodings, and 93 more.
  Overload 2 of 6, '(plugin: FastifyPluginAsync<Response<any, Record<string, any>, number>, RawServerDefault, FastifyTypeProvider, FastifyBaseLogger>, opts: FastifyRegisterOptions<...>): FastifyInstance<...> & ... 1 more ... & { ...; }', gave the following error.
    Argument of type 'Router' is not assignable to parameter of type 'FastifyPluginAsync<Response<any, Record<string, any>, number>, RawServerDefault, FastifyTypeProvider, FastifyBaseLogger>'.
      Target signature provides too few arguments. Expected 3 or more, but got 2.
  Overload 3 of 6, '(plugin: FastifyPluginCallback<Response<any, Record<string, any>, number>, RawServerDefault, FastifyTypeProvider, FastifyBaseLogger> | FastifyPluginAsync<...> | Promise<...> | Promise<...>, opts: FastifyRegisterOptions<...>): FastifyInstance<...> & ... 1 more ... & { ...; }', gave the following error.
    Argument of type 'Router' is not assignable to parameter of type 'FastifyPluginCallback<Response<any, Record<string, any>, number>, RawServerDefault, FastifyTypeProvider, FastifyBaseLogger> | FastifyPluginAsync<...> | Promise<...> | Promise<...>'.
      Type 'IRouter' is not assignable to type 'FastifyPluginCallback<Response<any, Record<string, any>, number>, RawServerDefault, FastifyTypeProvider, FastifyBaseLogger>'.
        Types of parameters 'req' and 'instance' are incompatible.
          Type 'FastifyInstance<RawServerDefault, IncomingMessage, ServerResponse<IncomingMessage>, FastifyBaseLogger, FastifyTypeProvider>' is missing the following properties from type 'Request<ParamsDictionary, any, any, ParsedQs, Record<string, any>>': header, accepts, acceptsCharsets, acceptsEncodings, and 93 more.
index.ts(58,14): error TS2769: No overload matches this call.
  Overload 1 of 6, '(plugin: FastifyPluginCallback<Response<any, Record<string, any>, number>, RawServerDefault, FastifyTypeProvider, FastifyBaseLogger>, opts: FastifyRegisterOptions<...>): FastifyInstance<...> & ... 1 more ... & { ...; }', gave the following error.
    Argument of type 'Router' is not assignable to parameter of type 'FastifyPluginCallback<Response<any, Record<string, any>, number>, RawServerDefault, FastifyTypeProvider, FastifyBaseLogger>'.
      Types of parameters 'req' and 'instance' are incompatible.
        Type 'FastifyInstance<RawServerDefault, IncomingMessage, ServerResponse<IncomingMessage>, FastifyBaseLogger, FastifyTypeProvider>' is missing the following properties from type 'Request<ParamsDictionary, any, any, ParsedQs, Record<string, any>>': header, accepts, acceptsCharsets, acceptsEncodings, and 93 more.
  Overload 2 of 6, '(plugin: FastifyPluginAsync<Response<any, Record<string, any>, number>, RawServerDefault, FastifyTypeProvider, FastifyBaseLogger>, opts: FastifyRegisterOptions<...>): FastifyInstance<...> & ... 1 more ... & { ...; }', gave the following error.
    Argument of type 'Router' is not assignable to parameter of type 'FastifyPluginAsync<Response<any, Record<string, any>, number>, RawServerDefault, FastifyTypeProvider, FastifyBaseLogger>'.
      Target signature provides too few arguments. Expected 3 or more, but got 2.
  Overload 3 of 6, '(plugin: FastifyPluginCallback<Response<any, Record<string, any>, number>, RawServerDefault, FastifyTypeProvider, FastifyBaseLogger> | FastifyPluginAsync<...> | Promise<...> | Promise<...>, opts: FastifyRegisterOptions<...>): FastifyInstance<...> & ... 1 more ... & { ...; }', gave the following error.
    Argument of type 'Router' is not assignable to parameter of type 'FastifyPluginCallback<Response<any, Record<string, any>, number>, RawServerDefault, FastifyTypeProvider, FastifyBaseLogger> | FastifyPluginAsync<...> | Promise<...> | Promise<...>'.
      Type 'IRouter' is not assignable to type 'FastifyPluginCallback<Response<any, Record<string, any>, number>, RawServerDefault, FastifyTypeProvider, FastifyBaseLogger>'.
        Types of parameters 'req' and 'instance' are incompatible.
          Type 'FastifyInstance<RawServerDefault, IncomingMessage, ServerResponse<IncomingMessage>, FastifyBaseLogger, FastifyTypeProvider>' is missing the following properties from type 'Request<ParamsDictionary, any, any, ParsedQs, Record<string, any>>': header, accepts, acceptsCharsets, acceptsEncodings, and 93 more.
index.ts(59,14): error TS2769: No overload matches this call.
  Overload 1 of 6, '(plugin: FastifyPluginCallback<Response<any, Record<string, any>, number>, RawServerDefault, FastifyTypeProvider, FastifyBaseLogger>, opts: FastifyRegisterOptions<...>): FastifyInstance<...> & ... 1 more ... & { ...; }', gave the following error.
    Argument of type 'Router' is not assignable to parameter of type 'FastifyPluginCallback<Response<any, Record<string, any>, number>, RawServerDefault, FastifyTypeProvider, FastifyBaseLogger>'.
      Types of parameters 'req' and 'instance' are incompatible.
        Type 'FastifyInstance<RawServerDefault, IncomingMessage, ServerResponse<IncomingMessage>, FastifyBaseLogger, FastifyTypeProvider>' is missing the following properties from type 'Request<ParamsDictionary, any, any, ParsedQs, Record<string, any>>': header, accepts, acceptsCharsets, acceptsEncodings, and 93 more.
  Overload 2 of 6, '(plugin: FastifyPluginAsync<Response<any, Record<string, any>, number>, RawServerDefault, FastifyTypeProvider, FastifyBaseLogger>, opts: FastifyRegisterOptions<...>): FastifyInstance<...> & ... 1 more ... & { ...; }', gave the following error.
    Argument of type 'Router' is not assignable to parameter of type 'FastifyPluginAsync<Response<any, Record<string, any>, number>, RawServerDefault, FastifyTypeProvider, FastifyBaseLogger>'.
      Target signature provides too few arguments. Expected 3 or more, but got 2.
  Overload 3 of 6, '(plugin: FastifyPluginCallback<Response<any, Record<string, any>, number>, RawServerDefault, FastifyTypeProvider, FastifyBaseLogger> | FastifyPluginAsync<...> | Promise<...> | Promise<...>, opts: FastifyRegisterOptions<...>): FastifyInstance<...> & ... 1 more ... & { ...; }', gave the following error.
    Argument of type 'Router' is not assignable to parameter of type 'FastifyPluginCallback<Response<any, Record<string, any>, number>, RawServerDefault, FastifyTypeProvider, FastifyBaseLogger> | FastifyPluginAsync<...> | Promise<...> | Promise<...>'.
      Type 'IRouter' is not assignable to type 'FastifyPluginCallback<Response<any, Record<string, any>, number>, RawServerDefault, FastifyTypeProvider, FastifyBaseLogger>'.
        Types of parameters 'req' and 'instance' are incompatible.
          Type 'FastifyInstance<RawServerDefault, IncomingMessage, ServerResponse<IncomingMessage>, FastifyBaseLogger, FastifyTypeProvider>' is missing the following properties from type 'Request<ParamsDictionary, any, any, ParsedQs, Record<string, any>>': header, accepts, acceptsCharsets, acceptsEncodings, and 93 more.
index.ts(60,14): error TS2769: No overload matches this call.
  Overload 1 of 6, '(plugin: FastifyPluginCallback<Response<any, Record<string, any>, number>, RawServerDefault, FastifyTypeProvider, FastifyBaseLogger>, opts: FastifyRegisterOptions<...>): FastifyInstance<...> & ... 1 more ... & { ...; }', gave the following error.
    Argument of type 'Router' is not assignable to parameter of type 'FastifyPluginCallback<Response<any, Record<string, any>, number>, RawServerDefault, FastifyTypeProvider, FastifyBaseLogger>'.
      Types of parameters 'req' and 'instance' are incompatible.
        Type 'FastifyInstance<RawServerDefault, IncomingMessage, ServerResponse<IncomingMessage>, FastifyBaseLogger, FastifyTypeProvider>' is missing the following properties from type 'Request<ParamsDictionary, any, any, ParsedQs, Record<string, any>>': header, accepts, acceptsCharsets, acceptsEncodings, and 93 more.
  Overload 2 of 6, '(plugin: FastifyPluginAsync<Response<any, Record<string, any>, number>, RawServerDefault, FastifyTypeProvider, FastifyBaseLogger>, opts: FastifyRegisterOptions<...>): FastifyInstance<...> & ... 1 more ... & { ...; }', gave the following error.
    Argument of type 'Router' is not assignable to parameter of type 'FastifyPluginAsync<Response<any, Record<string, any>, number>, RawServerDefault, FastifyTypeProvider, FastifyBaseLogger>'.
      Target signature provides too few arguments. Expected 3 or more, but got 2.
  Overload 3 of 6, '(plugin: FastifyPluginCallback<Response<any, Record<string, any>, number>, RawServerDefault, FastifyTypeProvider, FastifyBaseLogger> | FastifyPluginAsync<...> | Promise<...> | Promise<...>, opts: FastifyRegisterOptions<...>): FastifyInstance<...> & ... 1 more ... & { ...; }', gave the following error.
    Argument of type 'Router' is not assignable to parameter of type 'FastifyPluginCallback<Response<any, Record<string, any>, number>, RawServerDefault, FastifyTypeProvider, FastifyBaseLogger> | FastifyPluginAsync<...> | Promise<...> | Promise<...>'.
      Type 'IRouter' is not assignable to type 'FastifyPluginCallback<Response<any, Record<string, any>, number>, RawServerDefault, FastifyTypeProvider, FastifyBaseLogger>'.
        Types of parameters 'req' and 'instance' are incompatible.
          Type 'FastifyInstance<RawServerDefault, IncomingMessage, ServerResponse<IncomingMessage>, FastifyBaseLogger, FastifyTypeProvider>' is missing the following properties from type 'Request<ParamsDictionary, any, any, ParsedQs, Record<string, any>>': header, accepts, acceptsCharsets, acceptsEncodings, and 93 more.
index.ts(61,14): error TS2769: No overload matches this call.
  Overload 1 of 6, '(plugin: FastifyPluginCallback<Response<any, Record<string, any>, number>, RawServerDefault, FastifyTypeProvider, FastifyBaseLogger>, opts: FastifyRegisterOptions<...>): FastifyInstance<...> & ... 1 more ... & { ...; }', gave the following error.
    Argument of type 'Router' is not assignable to parameter of type 'FastifyPluginCallback<Response<any, Record<string, any>, number>, RawServerDefault, FastifyTypeProvider, FastifyBaseLogger>'.
      Types of parameters 'req' and 'instance' are incompatible.
        Type 'FastifyInstance<RawServerDefault, IncomingMessage, ServerResponse<IncomingMessage>, FastifyBaseLogger, FastifyTypeProvider>' is missing the following properties from type 'Request<ParamsDictionary, any, any, ParsedQs, Record<string, any>>': header, accepts, acceptsCharsets, acceptsEncodings, and 93 more.
  Overload 2 of 6, '(plugin: FastifyPluginAsync<Response<any, Record<string, any>, number>, RawServerDefault, FastifyTypeProvider, FastifyBaseLogger>, opts: FastifyRegisterOptions<...>): FastifyInstance<...> & ... 1 more ... & { ...; }', gave the following error.
    Argument of type 'Router' is not assignable to parameter of type 'FastifyPluginAsync<Response<any, Record<string, any>, number>, RawServerDefault, FastifyTypeProvider, FastifyBaseLogger>'.
      Target signature provides too few arguments. Expected 3 or more, but got 2.
  Overload 3 of 6, '(plugin: FastifyPluginCallback<Response<any, Record<string, any>, number>, RawServerDefault, FastifyTypeProvider, FastifyBaseLogger> | FastifyPluginAsync<...> | Promise<...> | Promise<...>, opts: FastifyRegisterOptions<...>): FastifyInstance<...> & ... 1 more ... & { ...; }', gave the following error.
    Argument of type 'Router' is not assignable to parameter of type 'FastifyPluginCallback<Response<any, Record<string, any>, number>, RawServerDefault, FastifyTypeProvider, FastifyBaseLogger> | FastifyPluginAsync<...> | Promise<...> | Promise<...>'.
      Type 'IRouter' is not assignable to type 'FastifyPluginCallback<Response<any, Record<string, any>, number>, RawServerDefault, FastifyTypeProvider, FastifyBaseLogger>'.
        Types of parameters 'req' and 'instance' are incompatible.
          Type 'FastifyInstance<RawServerDefault, IncomingMessage, ServerResponse<IncomingMessage>, FastifyBaseLogger, FastifyTypeProvider>' is missing the following properties from type 'Request<ParamsDictionary, any, any, ParsedQs, Record<string, any>>': header, accepts, acceptsCharsets, acceptsEncodings, and 93 more.
middleware/delivery/auth.middleware.ts(4,38): error TS7006: Parameter 'request' implicitly has an 'any' type.
middleware/delivery/auth.middleware.ts(4,47): error TS7006: Parameter 'reply' implicitly has an 'any' type.
middleware/delivery/auth.middleware.ts(13,39): error TS2769: No overload matches this call.
  The last overload gave the following error.
    Argument of type 'string | undefined' is not assignable to parameter of type 'Buffer<ArrayBufferLike> | Secret | JsonWebKeyInput | PublicKeyInput | GetPublicKeyOrSecret'.
      Type 'undefined' is not assignable to type 'Buffer<ArrayBufferLike> | Secret | JsonWebKeyInput | PublicKeyInput | GetPublicKeyOrSecret'.
middleware/restaurant/auth.middleware.ts(4,38): error TS7006: Parameter 'request' implicitly has an 'any' type.
middleware/restaurant/auth.middleware.ts(4,47): error TS7006: Parameter 'reply' implicitly has an 'any' type.
middleware/restaurant/auth.middleware.ts(13,39): error TS2769: No overload matches this call.
  The last overload gave the following error.
    Argument of type 'string | undefined' is not assignable to parameter of type 'Buffer<ArrayBufferLike> | Secret | JsonWebKeyInput | PublicKeyInput | GetPublicKeyOrSecret'.
      Type 'undefined' is not assignable to type 'Buffer<ArrayBufferLike> | Secret | JsonWebKeyInput | PublicKeyInput | GetPublicKeyOrSecret'.
models/restaurant/offerModel.ts(41,7): error TS7023: 'required' implicitly has return type 'any' because it does not have a return type annotation and is referenced directly or indirectly in one of its return expressions.
models/restaurant/offerModel.ts(42,21): error TS2339: Property 'offerType' does not exist on type '{ type: NumberConstructor; min: number; max: number; required: () => any; }'.
routes/delivery/auth.routes.ts(5,27): error TS7006: Parameter 'fastify' implicitly has an 'any' type.
routes/delivery/auth.routes.ts(5,36): error TS7006: Parameter 'options' implicitly has an 'any' type.
routes/delivery/order.routes.ts(6,28): error TS7006: Parameter 'fastify' implicitly has an 'any' type.
routes/delivery/order.routes.ts(6,37): error TS7006: Parameter 'options' implicitly has an 'any' type.
routes/delivery/partner.routes.ts(6,30): error TS7006: Parameter 'fastify' implicitly has an 'any' type.
routes/delivery/partner.routes.ts(6,39): error TS7006: Parameter 'options' implicitly has an 'any' type.
routes/delivery/wallet.routes.ts(6,29): error TS7006: Parameter 'fastify' implicitly has an 'any' type.
routes/delivery/wallet.routes.ts(6,38): error TS7006: Parameter 'options' implicitly has an 'any' type.
routes/restaurant/auth.routes.ts(5,27): error TS7006: Parameter 'fastify' implicitly has an 'any' type.
routes/restaurant/auth.routes.ts(5,36): error TS7006: Parameter 'opts' implicitly has an 'any' type.
routes/restaurant/booking.routes.ts(5,30): error TS7006: Parameter 'fastify' implicitly has an 'any' type.
routes/restaurant/branch.routes.ts(6,29): error TS7006: Parameter 'fastify' implicitly has an 'any' type.
routes/restaurant/fileNote.routes.ts(21,66): error TS2339: Property 'uploadFile' does not exist on type '{ createFileNote: (req: any, res: any) => Promise<any>; getAllFileNotes: (req: any, res: any) => Promise<any>; getFileNoteById: (req: any, res: any) => Promise<any>; updateFileNote: (req: any, res: any) => Promise<...>; deleteFileNote: (req: any, res: any) => Promise<...>; }'.
routes/restaurant/menu.routes.ts(3,27): error TS7006: Parameter 'fastify' implicitly has an 'any' type.
routes/restaurant/menu.routes.ts(3,36): error TS7006: Parameter 'options' implicitly has an 'any' type.
routes/restaurant/offers.routes.ts(7,29): error TS7006: Parameter 'fastify' implicitly has an 'any' type.
routes/restaurant/offers.routes.ts(7,38): error TS7006: Parameter 'options' implicitly has an 'any' type.
routes/restaurant/promotion.routes.ts(5,32): error TS7006: Parameter 'fastify' implicitly has an 'any' type.
routes/restaurant/promotion.routes.ts(5,41): error TS7006: Parameter 'options' implicitly has an 'any' type.
routes/restaurant/table.routes.ts(6,28): error TS7006: Parameter 'fastify' implicitly has an 'any' type.
services/delivery/loginService.ts(7,23): error TS7006: Parameter 'loginData' implicitly has an 'any' type.
services/delivery/loginService.ts(26,23): error TS7006: Parameter 'emailId' implicitly has an 'any' type.
services/delivery/loginService.ts(35,26): error TS7006: Parameter 'password' implicitly has an 'any' type.
services/delivery/loginService.ts(35,36): error TS7006: Parameter 'passwordHash' implicitly has an 'any' type.
services/delivery/loginService.ts(44,26): error TS7006: Parameter 'emailId' implicitly has an 'any' type.
services/delivery/loginService.ts(44,35): error TS7006: Parameter 'newPassword' implicitly has an 'any' type.
services/delivery/orderService.ts(6,30): error TS7006: Parameter 'location' implicitly has an 'any' type.
services/delivery/orderService.ts(21,34): error TS7006: Parameter 'partnerId' implicitly has an 'any' type.
services/delivery/orderService.ts(33,34): error TS7006: Parameter 'partnerId' implicitly has an 'any' type.
services/delivery/orderService.ts(45,43): error TS7006: Parameter 'partnerId' implicitly has an 'any' type.
services/delivery/orderService.ts(45,54): error TS7006: Parameter 'status' implicitly has an 'any' type.
services/delivery/orderService.ts(59,37): error TS7006: Parameter 'partnerInfo' implicitly has an 'any' type.
services/delivery/partnerService.ts(6,22): error TS7006: Parameter 'partnerId' implicitly has an 'any' type.
services/delivery/partnerService.ts(15,25): error TS7006: Parameter 'partnerId' implicitly has an 'any' type.
services/delivery/partnerService.ts(15,36): error TS7006: Parameter 'updateData' implicitly has an 'any' type.
services/delivery/partnerService.ts(24,24): error TS7006: Parameter 'partnerId' implicitly has an 'any' type.
services/delivery/partnerService.ts(24,35): error TS7006: Parameter 'isOnline' implicitly has an 'any' type.
services/delivery/walletService.ts(6,22): error TS7006: Parameter 'partnerId' implicitly has an 'any' type.
services/delivery/walletService.ts(16,26): error TS7006: Parameter 'partnerId' implicitly has an 'any' type.
services/delivery/walletService.ts(16,37): error TS7006: Parameter 'amount' implicitly has an 'any' type.
services/delivery/walletService.ts(16,45): error TS7006: Parameter 'type' implicitly has an 'any' type.
services/delivery/walletService.ts(16,51): error TS7006: Parameter 'description' implicitly has an 'any' type.
services/restaurant/analyticsService.ts(7,44): error TS7006: Parameter 'period' implicitly has an 'any' type.
services/restaurant/analyticsService.ts(66,16): error TS7053: Element implicitly has an 'any' type because expression of type 'string' can't be used to index type '{}'.
  No index signature with a parameter of type 'string' was found on type '{}'.
services/restaurant/analyticsService.ts(67,13): error TS7053: Element implicitly has an 'any' type because expression of type 'string' can't be used to index type '{}'.
  No index signature with a parameter of type 'string' was found on type '{}'.
services/restaurant/analyticsService.ts(69,11): error TS7053: Element implicitly has an 'any' type because expression of type 'string' can't be used to index type '{}'.
  No index signature with a parameter of type 'string' was found on type '{}'.
services/restaurant/analyticsService.ts(75,25): error TS18046: 'b.count' is of type 'unknown'.
services/restaurant/analyticsService.ts(75,35): error TS18046: 'a.count' is of type 'unknown'.
services/restaurant/analyticsService.ts(97,47): error TS7006: Parameter 'period' implicitly has an 'any' type.
services/restaurant/analyticsService.ts(155,14): error TS7053: Element implicitly has an 'any' type because expression of type 'string' can't be used to index type '{}'.
  No index signature with a parameter of type 'string' was found on type '{}'.
services/restaurant/analyticsService.ts(156,11): error TS7053: Element implicitly has an 'any' type because expression of type 'string' can't be used to index type '{}'.
  No index signature with a parameter of type 'string' was found on type '{}'.
services/restaurant/analyticsService.ts(163,9): error TS7053: Element implicitly has an 'any' type because expression of type 'string' can't be used to index type '{}'.
  No index signature with a parameter of type 'string' was found on type '{}'.
services/restaurant/analyticsService.ts(164,9): error TS7053: Element implicitly has an 'any' type because expression of type 'string' can't be used to index type '{}'.
  No index signature with a parameter of type 'string' was found on type '{}'.
services/restaurant/analyticsService.ts(168,25): error TS18046: 'b' is of type 'unknown'.
services/restaurant/analyticsService.ts(168,35): error TS18046: 'a' is of type 'unknown'.
services/restaurant/analyticsService.ts(191,47): error TS7006: Parameter 'period' implicitly has an 'any' type.
services/restaurant/analyticsService.ts(237,9): error TS7053: Element implicitly has an 'any' type because expression of type 'number' can't be used to index type '{ 5: number; 4: number; 3: number; 2: number; 1: number; }'.
  No index signature with a parameter of type 'number' was found on type '{ 5: number; 4: number; 3: number; 2: number; 1: number; }'.
services/restaurant/authService.ts(6,21): error TS7006: Parameter 'email' implicitly has an 'any' type.
services/restaurant/authService.ts(6,28): error TS7006: Parameter 'password' implicitly has an 'any' type.
services/restaurant/authService.ts(37,25): error TS7006: Parameter 'email' implicitly has an 'any' type.
services/restaurant/authService.ts(37,32): error TS7006: Parameter 'password' implicitly has an 'any' type.
services/restaurant/bookingService.ts(8,30): error TS7006: Parameter 'filter' implicitly has an 'any' type.
services/restaurant/bookingService.ts(8,38): error TS7006: Parameter 'select' implicitly has an 'any' type.
services/restaurant/bookingService.ts(13,108): error TS2345: Argument of type '{}' is not assignable to parameter of type 'number'.
services/restaurant/bookingService.ts(13,120): error TS2345: Argument of type '{}' is not assignable to parameter of type 'number'.
services/restaurant/bookingService.ts(23,40): error TS7006: Parameter 'filter' implicitly has an 'any' type.
services/restaurant/bookingService.ts(23,48): error TS7006: Parameter 'select' implicitly has an 'any' type.
services/restaurant/bookingService.ts(39,41): error TS7006: Parameter 'aggPipeline' implicitly has an 'any' type.
services/restaurant/bookingService.ts(61,13): error TS2322: Type '({ status: "Available" | "Reserved" | "Dine-In" | "Unavailable"; tableId: string; capacity: number; isAdvanceBooking: boolean; bookingFee: number; section: string; floor: string; type?: string | ... 1 more ... | undefined; ... 4 more ...; updatedAt: NativeDate; } & { ...; } & { ...; } & Required<...>) | null' is not assignable to type 'any[]'.
  Type 'null' is not assignable to type 'any[]'.
services/restaurant/emailService.ts(22,30): error TS7006: Parameter 'to' implicitly has an 'any' type.
services/restaurant/emailService.ts(22,34): error TS7006: Parameter 'otp' implicitly has an 'any' type.
services/restaurant/feedbackService.ts(6,41): error TS7006: Parameter 'startDate' implicitly has an 'any' type.
services/restaurant/feedbackService.ts(6,52): error TS7006: Parameter 'endDate' implicitly has an 'any' type.
services/restaurant/feedbackService.ts(11,16): error TS2339: Property 'date' does not exist on type '{ branchId: any; }'.
services/restaurant/feedbackService.ts(22,45): error TS7006: Parameter 'feedbackId' implicitly has an 'any' type.
services/restaurant/feedbackService.ts(37,38): error TS7006: Parameter 'feedbackData' implicitly has an 'any' type.
services/restaurant/feedbackService.ts(54,42): error TS7006: Parameter 'feedbackId' implicitly has an 'any' type.
services/restaurant/feedbackService.ts(54,54): error TS7006: Parameter 'reply' implicitly has an 'any' type.
services/restaurant/feedbackService.ts(77,47): error TS7006: Parameter 'period' implicitly has an 'any' type.
services/restaurant/feedbackService.ts(120,9): error TS7053: Element implicitly has an 'any' type because expression of type 'number' can't be used to index type '{ 5: number; 4: number; 3: number; 2: number; 1: number; }'.
  No index signature with a parameter of type 'number' was found on type '{ 5: number; 4: number; 3: number; 2: number; 1: number; }'.
services/restaurant/loginService.ts(7,23): error TS7006: Parameter 'loginData' implicitly has an 'any' type.
services/restaurant/loginService.ts(26,23): error TS7006: Parameter 'emailId' implicitly has an 'any' type.
services/restaurant/loginService.ts(35,26): error TS7006: Parameter 'password' implicitly has an 'any' type.
services/restaurant/loginService.ts(35,36): error TS7006: Parameter 'passwordHash' implicitly has an 'any' type.
services/restaurant/loginService.ts(44,26): error TS7006: Parameter 'emailId' implicitly has an 'any' type.
services/restaurant/loginService.ts(44,35): error TS7006: Parameter 'newPassword' implicitly has an 'any' type.
services/restaurant/mainBranchService.ts(8,30): error TS7006: Parameter 'filter' implicitly has an 'any' type.
services/restaurant/mainBranchService.ts(8,38): error TS7006: Parameter 'select' implicitly has an 'any' type.
services/restaurant/mainBranchService.ts(13,108): error TS2345: Argument of type '{}' is not assignable to parameter of type 'number'.
services/restaurant/mainBranchService.ts(13,120): error TS2345: Argument of type '{}' is not assignable to parameter of type 'number'.
services/restaurant/mainBranchService.ts(23,40): error TS7006: Parameter 'filter' implicitly has an 'any' type.
services/restaurant/mainBranchService.ts(23,48): error TS7006: Parameter 'select' implicitly has an 'any' type.
services/restaurant/mainBranchService.ts(39,41): error TS7006: Parameter 'aggPipeline' implicitly has an 'any' type.
services/restaurant/mainBranchService.ts(55,24): error TS7006: Parameter 'findFilter' implicitly has an 'any' type.
services/restaurant/mainBranchService.ts(55,36): error TS7006: Parameter 'updateData' implicitly has an 'any' type.
services/restaurant/mainBranchService.ts(104,53): error TS7006: Parameter 'email' implicitly has an 'any' type.
services/restaurant/mainBranchService.ts(132,55): error TS7006: Parameter 'email' implicitly has an 'any' type.
services/restaurant/menuServices.ts(8,30): error TS7006: Parameter 'filter' implicitly has an 'any' type.
services/restaurant/menuServices.ts(8,38): error TS7006: Parameter 'select' implicitly has an 'any' type.
services/restaurant/menuServices.ts(13,108): error TS2345: Argument of type '{}' is not assignable to parameter of type 'number'.
services/restaurant/menuServices.ts(13,120): error TS2345: Argument of type '{}' is not assignable to parameter of type 'number'.
services/restaurant/menuServices.ts(23,40): error TS7006: Parameter 'filter' implicitly has an 'any' type.
services/restaurant/menuServices.ts(23,48): error TS7006: Parameter 'select' implicitly has an 'any' type.
services/restaurant/menuServices.ts(39,41): error TS7006: Parameter 'aggPipeline' implicitly has an 'any' type.
services/restaurant/menuServices.ts(61,13): error TS2322: Type '({ description: string; images: string[]; available: boolean; pricing_options: DocumentArray<{ default: boolean; label?: string | null | undefined; price?: number | null | undefined; }, Subdocument<ObjectId, unknown, { ...; }, {}, {}> & { ...; }>; ... 8 more ...; updatedAt: NativeDate; } & { ...; } & { ...; } & Requ...' is not assignable to type 'any[]'.
  Type 'null' is not assignable to type 'any[]'.
services/restaurant/offerService.ts(8,30): error TS7006: Parameter 'filter' implicitly has an 'any' type.
services/restaurant/offerService.ts(8,38): error TS7006: Parameter 'select' implicitly has an 'any' type.
services/restaurant/offerService.ts(13,108): error TS2345: Argument of type '{}' is not assignable to parameter of type 'number'.
services/restaurant/offerService.ts(13,120): error TS2345: Argument of type '{}' is not assignable to parameter of type 'number'.
services/restaurant/offerService.ts(23,40): error TS7006: Parameter 'filter' implicitly has an 'any' type.
services/restaurant/offerService.ts(23,48): error TS7006: Parameter 'select' implicitly has an 'any' type.
services/restaurant/offerService.ts(39,41): error TS7006: Parameter 'aggPipeline' implicitly has an 'any' type.
services/restaurant/offerService.ts(55,24): error TS7006: Parameter 'findFilter' implicitly has an 'any' type.
services/restaurant/offerService.ts(55,36): error TS7006: Parameter 'updateData' implicitly has an 'any' type.
services/restaurant/offerService.ts(61,13): error TS2322: Type '({ isActive: boolean; restaurantId: string; couponCode: string; offerId: string; offerTitle: string; offerType: "Percentage Discount" | "Flat Discount" | "Buy-One-Get-One (BOGO)" | "Free Item" | "Happy Hour"; ... 8 more ...; happyHourTiming?: { ...; } | ... 1 more ... | undefined; } & { ...; } & { ...; } & Required<...' is not assignable to type 'any[]'.
  Type 'null' is not assignable to type 'any[]'.
services/restaurant/orderService.ts(8,39): error TS7006: Parameter 'status' implicitly has an 'any' type.
services/restaurant/orderService.ts(8,47): error TS7006: Parameter 'type' implicitly has an 'any' type.
services/restaurant/orderService.ts(8,53): error TS7006: Parameter 'date' implicitly has an 'any' type.
services/restaurant/orderService.ts(13,16): error TS2339: Property 'status' does not exist on type '{ branchId: any; }'.
services/restaurant/orderService.ts(17,16): error TS2339: Property 'type' does not exist on type '{ branchId: any; }'.
services/restaurant/orderService.ts(21,16): error TS2339: Property 'date' does not exist on type '{ branchId: any; }'.
services/restaurant/orderService.ts(32,42): error TS7006: Parameter 'orderId' implicitly has an 'any' type.
services/restaurant/orderService.ts(47,44): error TS7006: Parameter 'orderId' implicitly has an 'any' type.
services/restaurant/orderService.ts(47,53): error TS7006: Parameter 'status' implicitly has an 'any' type.
services/restaurant/orderService.ts(69,46): error TS7006: Parameter 'orderId' implicitly has an 'any' type.
services/restaurant/orderService.ts(69,55): error TS7006: Parameter 'extraMinutes' implicitly has an 'any' type.
services/restaurant/orderService.ts(94,41): error TS7006: Parameter 'orderId' implicitly has an 'any' type.
services/restaurant/orderService.ts(94,50): error TS7006: Parameter 'prepTime' implicitly has an 'any' type.
services/restaurant/orderService.ts(126,45): error TS7006: Parameter 'items' implicitly has an 'any' type.
services/restaurant/orderService.ts(126,52): error TS7006: Parameter 'customerName' implicitly has an 'any' type.
services/restaurant/orderService.ts(126,66): error TS7006: Parameter 'customerPhone' implicitly has an 'any' type.
services/restaurant/orderService.ts(126,81): error TS7006: Parameter 'type' implicitly has an 'any' type.
services/restaurant/orderService.ts(126,87): error TS7006: Parameter 'paymentMethod' implicitly has an 'any' type.
services/restaurant/orderService.ts(129,38): error TS7006: Parameter 'sum' implicitly has an 'any' type.
services/restaurant/orderService.ts(129,43): error TS7006: Parameter 'item' implicitly has an 'any' type.
services/restaurant/orderService.ts(171,42): error TS7006: Parameter 'startDate' implicitly has an 'any' type.
services/restaurant/orderService.ts(171,53): error TS7006: Parameter 'endDate' implicitly has an 'any' type.
services/restaurant/orderService.ts(171,62): error TS7006: Parameter 'type' implicitly has an 'any' type.
services/restaurant/orderService.ts(176,16): error TS2339: Property 'date' does not exist on type '{ branchId: any; }'.
services/restaurant/orderService.ts(180,16): error TS2339: Property 'type' does not exist on type '{ branchId: any; }'.
services/restaurant/promotionService.ts(6,28): error TS7006: Parameter 'filter' implicitly has an 'any' type.
services/restaurant/promotionService.ts(6,36): error TS7006: Parameter 'select' implicitly has an 'any' type.
services/restaurant/promotionService.ts(14,15): error TS2345: Argument of type '{}' is not assignable to parameter of type 'number'.
services/restaurant/promotionService.ts(15,16): error TS2345: Argument of type '{}' is not assignable to parameter of type 'number'.
services/restaurant/promotionService.ts(24,38): error TS7006: Parameter 'filter' implicitly has an 'any' type.
services/restaurant/promotionService.ts(24,46): error TS7006: Parameter 'select' implicitly has an 'any' type.
services/restaurant/promotionService.ts(39,39): error TS7006: Parameter 'aggPipeline' implicitly has an 'any' type.
services/restaurant/promotionService.ts(55,7): error TS2322: Type '({ service: "DELIVERY" | "PICKUP" | "TAKEAWAY" | "OFFLINE-TAKEAWAY" | "DINE-IN" | "BOOKING"; restaurantId: string; startDate: NativeDate; endDate: NativeDate; ... 11 more ...; placementOptions?: { ...; } | ... 1 more ... | undefined; } & { ...; } & { ...; } & Required<...>) | null' is not assignable to type 'any[]'.
  Type 'null' is not assignable to type 'any[]'.
services/restaurant/refundService.ts(7,40): error TS7006: Parameter 'status' implicitly has an 'any' type.
services/restaurant/refundService.ts(12,16): error TS2339: Property 'status' does not exist on type '{ branchId: any; }'.
services/restaurant/refundService.ts(23,43): error TS7006: Parameter 'refundId' implicitly has an 'any' type.
services/restaurant/refundService.ts(38,46): error TS7006: Parameter 'orderId' implicitly has an 'any' type.
services/restaurant/refundService.ts(38,55): error TS7006: Parameter 'reason' implicitly has an 'any' type.
services/restaurant/refundService.ts(38,63): error TS7006: Parameter 'items' implicitly has an 'any' type.
services/restaurant/refundService.ts(51,23): error TS7006: Parameter 'refundItem' implicitly has an 'any' type.
services/restaurant/refundService.ts(90,45): error TS7006: Parameter 'refundId' implicitly has an 'any' type.
services/restaurant/refundService.ts(90,55): error TS7006: Parameter 'status' implicitly has an 'any' type.
services/restaurant/refundService.ts(90,63): error TS7006: Parameter 'notes' implicitly has an 'any' type.
services/restaurant/refundService.ts(90,70): error TS7006: Parameter 'processedBy' implicitly has an 'any' type.
services/restaurant/refundService.ts(114,42): error TS7006: Parameter 'refundId' implicitly has an 'any' type.
services/restaurant/refundService.ts(114,52): error TS7006: Parameter 'costSplit' implicitly has an 'any' type.
services/restaurant/settingService.ts(153,7): error TS7053: Element implicitly has an 'any' type because expression of type '`services.${any}`' can't be used to index type '{}'.
services/restaurant/settingService.ts(165,23): error TS2339: Property 'services' does not exist on type '{ branchId: string; isOnline: boolean; ownerInfo: { email: string; name: string; phone: string; whatsapp?: string | null | undefined; }; facilities: string[]; settingId: string; serviceSettings: { ...; }; notificationSettings: { ...; }; isBusy: boolean; createdAt: NativeDate; updatedAt: NativeDate; } & { ...; } & { ...'.
services/restaurant/settingService.ts(222,23): error TS2339: Property 'notifications' does not exist on type '{ branchId: string; isOnline: boolean; ownerInfo: { email: string; name: string; phone: string; whatsapp?: string | null | undefined; }; facilities: string[]; settingId: string; serviceSettings: { ...; }; notificationSettings: { ...; }; isBusy: boolean; createdAt: NativeDate; updatedAt: NativeDate; } & { ...; } & { ...'.
